[{
	"resource": "/g:/Droid/WordApp/src/renderer/components/AgentWorkspacePanel.tsx",
	"owner": "typescript",
	"code": "2339",
	"severity": 8,
	"message": "Property 'agent' does not exist on type '{ ai: { generateOutline: (topic: string, depth?: number | undefined) => Promise<any>; generateTitles: (topic: string, count?: number | undefined) => Promise<any>; ... 5 more ...; translate: (text: string, targetLanguage: string) => Promise<...>; }; }'.",
	"source": "ts",
	"startLineNumber": 40,
	"startColumn": 21,
	"endLineNumber": 40,
	"endColumn": 26,
	"modelVersionId": 18,
	"origin": "extHost1"
},{
	"resource": "/g:/Droid/WordApp/src/renderer/components/AgentWorkspacePanel.tsx",
	"owner": "typescript",
	"code": "7006",
	"severity": 8,
	"message": "Parameter 'sessions' implicitly has an 'any' type.",
	"source": "ts",
	"startLineNumber": 40,
	"startColumn": 47,
	"endLineNumber": 40,
	"endColumn": 55,
	"modelVersionId": 18,
	"origin": "extHost1"
},{
	"resource": "/g:/Droid/WordApp/src/renderer/components/AgentWorkspacePanel.tsx",
	"owner": "typescript",
	"code": "7006",
	"severity": 8,
	"message": "Parameter 'err' implicitly has an 'any' type.",
	"source": "ts",
	"startLineNumber": 42,
	"startColumn": 15,
	"endLineNumber": 42,
	"endColumn": 18,
	"modelVersionId": 18,
	"origin": "extHost1"
},{
	"resource": "/g:/Droid/WordApp/src/renderer/components/AgentWorkspacePanel.tsx",
	"owner": "typescript",
	"code": "2339",
	"severity": 8,
	"message": "Property 'agent' does not exist on type '{ ai: { generateOutline: (topic: string, depth?: number | undefined) => Promise<any>; generateTitles: (topic: string, count?: number | undefined) => Promise<any>; ... 5 more ...; translate: (text: string, targetLanguage: string) => Promise<...>; }; }'.",
	"source": "ts",
	"startLineNumber": 43,
	"startColumn": 21,
	"endLineNumber": 43,
	"endColumn": 26,
	"modelVersionId": 18,
	"origin": "extHost1"
},{
	"resource": "/g:/Droid/WordApp/src/renderer/components/AgentWorkspacePanel.tsx",
	"owner": "typescript",
	"code": "7006",
	"severity": 8,
	"message": "Parameter 'profiles' implicitly has an 'any' type.",
	"source": "ts",
	"startLineNumber": 43,
	"startColumn": 44,
	"endLineNumber": 43,
	"endColumn": 52,
	"modelVersionId": 18,
	"origin": "extHost1"
},{
	"resource": "/g:/Droid/WordApp/src/renderer/components/AgentWorkspacePanel.tsx",
	"owner": "typescript",
	"code": "7006",
	"severity": 8,
	"message": "Parameter 'err' implicitly has an 'any' type.",
	"source": "ts",
	"startLineNumber": 45,
	"startColumn": 15,
	"endLineNumber": 45,
	"endColumn": 18,
	"modelVersionId": 18,
	"origin": "extHost1"
},{
	"resource": "/g:/Droid/WordApp/src/renderer/components/AgentWorkspacePanel.tsx",
	"owner": "typescript",
	"code": "2339",
	"severity": 8,
	"message": "Property 'agent' does not exist on type '{ ai: { generateOutline: (topic: string, depth?: number | undefined) => Promise<any>; generateTitles: (topic: string, count?: number | undefined) => Promise<any>; ... 5 more ...; translate: (text: string, targetLanguage: string) => Promise<...>; }; }'.",
	"source": "ts",
	"startLineNumber": 61,
	"startColumn": 23,
	"endLineNumber": 61,
	"endColumn": 28,
	"modelVersionId": 18,
	"origin": "extHost1"
},{
	"resource": "/g:/Droid/WordApp/src/renderer/components/AgentWorkspacePanel.tsx",
	"owner": "typescript",
	"code": "2339",
	"severity": 8,
	"message": "Property 'agent' does not exist on type '{ ai: { generateOutline: (topic: string, depth?: number | undefined) => Promise<any>; generateTitles: (topic: string, count?: number | undefined) => Promise<any>; ... 5 more ...; translate: (text: string, targetLanguage: string) => Promise<...>; }; }'.",
	"source": "ts",
	"startLineNumber": 66,
	"startColumn": 29,
	"endLineNumber": 66,
	"endColumn": 34,
	"modelVersionId": 18,
	"origin": "extHost1"
},{
	"resource": "/g:/Droid/WordApp/src/renderer/components/AgentWorkspacePanel.tsx",
	"owner": "typescript",
	"code": "2339",
	"severity": 8,
	"message": "Property 'agent' does not exist on type '{ ai: { generateOutline: (topic: string, depth?: number | undefined) => Promise<any>; generateTitles: (topic: string, count?: number | undefined) => Promise<any>; ... 5 more ...; translate: (text: string, targetLanguage: string) => Promise<...>; }; }'.",
	"source": "ts",
	"startLineNumber": 86,
	"startColumn": 45,
	"endLineNumber": 86,
	"endColumn": 50,
	"modelVersionId": 18,
	"origin": "extHost1"
},{
	"resource": "/g:/Droid/WordApp/src/renderer/components/AgentWorkspacePanel.tsx",
	"owner": "typescript",
	"code": "2339",
	"severity": 8,
	"message": "Property 'agent' does not exist on type '{ ai: { generateOutline: (topic: string, depth?: number | undefined) => Promise<any>; generateTitles: (topic: string, count?: number | undefined) => Promise<any>; ... 5 more ...; translate: (text: string, targetLanguage: string) => Promise<...>; }; }'.",
	"source": "ts",
	"startLineNumber": 102,
	"startColumn": 44,
	"endLineNumber": 102,
	"endColumn": 49,
	"modelVersionId": 18,
	"origin": "extHost1"
},{
	"resource": "/g:/Droid/WordApp/src/renderer/components/AgentWorkspacePanel.tsx",
	"owner": "typescript",
	"code": "2339",
	"severity": 8,
	"message": "Property 'agent' does not exist on type '{ ai: { generateOutline: (topic: string, depth?: number | undefined) => Promise<any>; generateTitles: (topic: string, count?: number | undefined) => Promise<any>; ... 5 more ...; translate: (text: string, targetLanguage: string) => Promise<...>; }; }'.",
	"source": "ts",
	"startLineNumber": 118,
	"startColumn": 29,
	"endLineNumber": 118,
	"endColumn": 34,
	"modelVersionId": 18,
	"origin": "extHost1"
},{
	"resource": "/g:/Droid/WordApp/src/renderer/components/AgentWorkspacePanel.tsx",
	"owner": "typescript",
	"code": "2339",
	"severity": 8,
	"message": "Property 'agent' does not exist on type '{ ai: { generateOutline: (topic: string, depth?: number | undefined) => Promise<any>; generateTitles: (topic: string, count?: number | undefined) => Promise<any>; ... 5 more ...; translate: (text: string, targetLanguage: string) => Promise<...>; }; }'.",
	"source": "ts",
	"startLineNumber": 136,
	"startColumn": 29,
	"endLineNumber": 136,
	"endColumn": 34,
	"modelVersionId": 18,
	"origin": "extHost1"
},{
	"resource": "/g:/Droid/WordApp/src/renderer/components/AgentWorkspacePanel.tsx",
	"owner": "typescript",
	"code": "2339",
	"severity": 8,
	"message": "Property 'agent' does not exist on type '{ ai: { generateOutline: (topic: string, depth?: number | undefined) => Promise<any>; generateTitles: (topic: string, count?: number | undefined) => Promise<any>; ... 5 more ...; translate: (text: string, targetLanguage: string) => Promise<...>; }; }'.",
	"source": "ts",
	"startLineNumber": 149,
	"startColumn": 43,
	"endLineNumber": 149,
	"endColumn": 48,
	"modelVersionId": 18,
	"origin": "extHost1"
},{
	"resource": "/g:/Droid/WordApp/src/renderer/components/AgentWorkspacePanel.tsx",
	"owner": "typescript",
	"code": "2339",
	"severity": 8,
	"message": "Property 'agent' does not exist on type '{ ai: { generateOutline: (topic: string, depth?: number | undefined) => Promise<any>; generateTitles: (topic: string, count?: number | undefined) => Promise<any>; ... 5 more ...; translate: (text: string, targetLanguage: string) => Promise<...>; }; }'.",
	"source": "ts",
	"startLineNumber": 153,
	"startColumn": 46,
	"endLineNumber": 153,
	"endColumn": 51,
	"modelVersionId": 18,
	"origin": "extHost1"
},{
	"resource": "/g:/Droid/WordApp/src/renderer/components/AgentWorkspacePanel.tsx",
	"owner": "typescript",
	"code": "2339",
	"severity": 8,
	"message": "Property 'agent' does not exist on type '{ ai: { generateOutline: (topic: string, depth?: number | undefined) => Promise<any>; generateTitles: (topic: string, count?: number | undefined) => Promise<any>; ... 5 more ...; translate: (text: string, targetLanguage: string) => Promise<...>; }; }'.",
	"source": "ts",
	"startLineNumber": 159,
	"startColumn": 27,
	"endLineNumber": 159,
	"endColumn": 32,
	"modelVersionId": 18,
	"origin": "extHost1"
},{
	"resource": "/g:/Droid/WordApp/src/renderer/components/AgentWorkspacePanel.tsx",
	"owner": "typescript",
	"code": "2339",
	"severity": 8,
	"message": "Property 'agent' does not exist on type '{ ai: { generateOutline: (topic: string, depth?: number | undefined) => Promise<any>; generateTitles: (topic: string, count?: number | undefined) => Promise<any>; ... 5 more ...; translate: (text: string, targetLanguage: string) => Promise<...>; }; }'.",
	"source": "ts",
	"startLineNumber": 161,
	"startColumn": 44,
	"endLineNumber": 161,
	"endColumn": 49,
	"modelVersionId": 18,
	"origin": "extHost1"
},{
	"resource": "/g:/Droid/WordApp/src/renderer/components/AgentWorkspacePanel.tsx",
	"owner": "typescript",
	"code": "2339",
	"severity": 8,
	"message": "Property 'agent' does not exist on type '{ ai: { generateOutline: (topic: string, depth?: number | undefined) => Promise<any>; generateTitles: (topic: string, count?: number | undefined) => Promise<any>; ... 5 more ...; translate: (text: string, targetLanguage: string) => Promise<...>; }; }'.",
	"source": "ts",
	"startLineNumber": 167,
	"startColumn": 44,
	"endLineNumber": 167,
	"endColumn": 49,
	"modelVersionId": 18,
	"origin": "extHost1"
},{
	"resource": "/g:/Droid/WordApp/src/renderer/components/AgentWorkspacePanel.tsx",
	"owner": "typescript",
	"code": "2345",
	"severity": 8,
	"message": "Argument of type '{ id: `${string}-${string}-${string}-${string}-${string}`; role: string; content: string; streaming: boolean; }' is not assignable to parameter of type 'ChatMessage'.\n  Types of property 'role' are incompatible.\n    Type 'string' is not assignable to type '\"user\" | \"assistant\" | \"system\" | \"error\"'.",
	"source": "ts",
	"startLineNumber": 178,
	"startColumn": 50,
	"endLineNumber": 178,
	"endColumn": 53,
	"modelVersionId": 18,
	"origin": "extHost1"
},{
	"resource": "/g:/Droid/WordApp/src/renderer/components/AgentWorkspacePanel.tsx",
	"owner": "typescript",
	"code": "2769",
	"severity": 8,
	"message": "No overload matches this call.\n  Overload 1 of 2, '(props: { component: ElementType<any, keyof IntrinsicElements>; } & TypographyOwnProps & CommonProps & Omit<any, \"className\" | ... 9 more ... | \"variantMapping\">): Element | null', gave the following error.\n    Property 'component' is missing in type '{ children: string; variant: \"caption\"; fontWeight: number; sx: { fontSize: number; color: \"primary.main\" | \"primary.contrastText\" | \"error.main\"; display: \"block\"; mb: number; }; }' but required in type '{ component: ElementType<any, keyof IntrinsicElements>; }'.\n  Overload 2 of 2, '(props: DefaultComponentProps<TypographyTypeMap<{}, \"span\">>): Element | null', gave the following error.\n    Type '{ children: string; variant: \"caption\"; fontWeight: number; sx: { fontSize: number; color: \"primary.main\" | \"primary.contrastText\" | \"error.main\"; display: \"block\"; mb: number; }; }' is not assignable to type 'IntrinsicAttributes & TypographyOwnProps & CommonProps & Omit<DetailedHTMLProps<HTMLAttributes<HTMLSpanElement>, HTMLSpanElement>, \"className\" | ... 9 more ... | \"variantMapping\">'.\n      Property 'fontWeight' does not exist on type 'IntrinsicAttributes & TypographyOwnProps & CommonProps & Omit<DetailedHTMLProps<HTMLAttributes<HTMLSpanElement>, HTMLSpanElement>, \"className\" | ... 9 more ... | \"variantMapping\">'.",
	"source": "ts",
	"startLineNumber": 217,
	"startColumn": 20,
	"endLineNumber": 217,
	"endColumn": 30,
	"relatedInformation": [
		{
			"startLineNumber": 15,
			"startColumn": 5,
			"endLineNumber": 15,
			"endColumn": 14,
			"message": "'component' is declared here.",
			"resource": "/g:/Droid/WordApp/node_modules/@mui/material/OverridableComponent/index.d.mts"
		}
	],
	"modelVersionId": 18,
	"origin": "extHost1"
},{
	"resource": "/g:/Droid/WordApp/src/renderer/components/AgentWorkspacePanel.tsx",
	"owner": "typescript",
	"code": "2322",
	"severity": 8,
	"message": "Type '{ primary: string; primaryTypographyProps: { fontSize: number; color: string; }; }' is not assignable to type 'IntrinsicAttributes & ListItemTextProps<\"span\", \"p\">'.\n  Property 'primaryTypographyProps' does not exist on type 'IntrinsicAttributes & ListItemTextProps<\"span\", \"p\">'.",
	"source": "ts",
	"startLineNumber": 235,
	"startColumn": 67,
	"endLineNumber": 235,
	"endColumn": 89,
	"modelVersionId": 18,
	"origin": "extHost1"
},{
	"resource": "/g:/Droid/WordApp/src/renderer/components/AgentWorkspacePanel.tsx",
	"owner": "typescript",
	"code": "2322",
	"severity": 8,
	"message": "Type '{ primary: Element; secondary: string; primaryTypographyProps: { fontSize: number; }; secondaryTypographyProps: { fontSize: number; }; }' is not assignable to type 'IntrinsicAttributes & ListItemTextProps<\"span\", \"p\">'.\n  Property 'primaryTypographyProps' does not exist on type 'IntrinsicAttributes & ListItemTextProps<\"span\", \"p\">'.",
	"source": "ts",
	"startLineNumber": 247,
	"startColumn": 21,
	"endLineNumber": 247,
	"endColumn": 43,
	"modelVersionId": 18,
	"origin": "extHost1"
},{
	"resource": "/g:/Droid/WordApp/src/renderer/components/AgentWorkspacePanel.tsx",
	"owner": "typescript",
	"code": "2769",
	"severity": 8,
	"message": "No overload matches this call.\n  Overload 1 of 2, '(props: { component: ElementType<any, keyof IntrinsicElements>; } & TypographyOwnProps & CommonProps & Omit<any, \"className\" | ... 9 more ... | \"variantMapping\">): Element | null', gave the following error.\n    Property 'component' is missing in type '{ children: string; variant: \"caption\"; fontWeight: number; sx: { mb: number; display: \"block\"; }; }' but required in type '{ component: ElementType<any, keyof IntrinsicElements>; }'.\n  Overload 2 of 2, '(props: DefaultComponentProps<TypographyTypeMap<{}, \"span\">>): Element | null', gave the following error.\n    Type '{ children: string; variant: \"caption\"; fontWeight: number; sx: { mb: number; display: \"block\"; }; }' is not assignable to type 'IntrinsicAttributes & TypographyOwnProps & CommonProps & Omit<DetailedHTMLProps<HTMLAttributes<HTMLSpanElement>, HTMLSpanElement>, \"className\" | ... 9 more ... | \"variantMapping\">'.\n      Property 'fontWeight' does not exist on type 'IntrinsicAttributes & TypographyOwnProps & CommonProps & Omit<DetailedHTMLProps<HTMLAttributes<HTMLSpanElement>, HTMLSpanElement>, \"className\" | ... 9 more ... | \"variantMapping\">'.",
	"source": "ts",
	"startLineNumber": 296,
	"startColumn": 14,
	"endLineNumber": 296,
	"endColumn": 24,
	"relatedInformation": [
		{
			"startLineNumber": 15,
			"startColumn": 5,
			"endLineNumber": 15,
			"endColumn": 14,
			"message": "'component' is declared here.",
			"resource": "/g:/Droid/WordApp/node_modules/@mui/material/OverridableComponent/index.d.mts"
		}
	],
	"modelVersionId": 18,
	"origin": "extHost1"
},{
	"resource": "/g:/Droid/WordApp/src/renderer/components/AgentWorkspacePanel.tsx",
	"owner": "typescript",
	"code": "2769",
	"severity": 8,
	"message": "No overload matches this call.\n  Overload 1 of 2, '(props: { component: ElementType<any, keyof IntrinsicElements>; } & TypographyOwnProps & CommonProps & Omit<any, \"className\" | ... 9 more ... | \"variantMapping\">): Element | null', gave the following error.\n    Property 'component' is missing in type '{ children: string; variant: \"caption\"; fontWeight: number; }' but required in type '{ component: ElementType<any, keyof IntrinsicElements>; }'.\n  Overload 2 of 2, '(props: DefaultComponentProps<TypographyTypeMap<{}, \"span\">>): Element | null', gave the following error.\n    Type '{ children: string; variant: \"caption\"; fontWeight: number; }' is not assignable to type 'IntrinsicAttributes & TypographyOwnProps & CommonProps & Omit<DetailedHTMLProps<HTMLAttributes<HTMLSpanElement>, HTMLSpanElement>, \"className\" | ... 9 more ... | \"variantMapping\">'.\n      Property 'fontWeight' does not exist on type 'IntrinsicAttributes & TypographyOwnProps & CommonProps & Omit<DetailedHTMLProps<HTMLAttributes<HTMLSpanElement>, HTMLSpanElement>, \"className\" | ... 9 more ... | \"variantMapping\">'.",
	"source": "ts",
	"startLineNumber": 302,
	"startColumn": 18,
	"endLineNumber": 302,
	"endColumn": 28,
	"relatedInformation": [
		{
			"startLineNumber": 15,
			"startColumn": 5,
			"endLineNumber": 15,
			"endColumn": 14,
			"message": "'component' is declared here.",
			"resource": "/g:/Droid/WordApp/node_modules/@mui/material/OverridableComponent/index.d.mts"
		}
	],
	"modelVersionId": 18,
	"origin": "extHost1"
},{
	"resource": "/g:/Droid/WordApp/src/renderer/components/AgentWorkspacePanel.tsx",
	"owner": "typescript",
	"code": "2769",
	"severity": 8,
	"message": "No overload matches this call.\n  Overload 1 of 2, '(props: { component: ElementType<any, keyof IntrinsicElements>; } & TypographyOwnProps & CommonProps & Omit<any, \"className\" | ... 9 more ... | \"variantMapping\">): Element | null', gave the following error.\n    Property 'component' is missing in type '{ children: string; variant: \"caption\"; fontWeight: number; }' but required in type '{ component: ElementType<any, keyof IntrinsicElements>; }'.\n  Overload 2 of 2, '(props: DefaultComponentProps<TypographyTypeMap<{}, \"span\">>): Element | null', gave the following error.\n    Type '{ children: string; variant: \"caption\"; fontWeight: number; }' is not assignable to type 'IntrinsicAttributes & TypographyOwnProps & CommonProps & Omit<DetailedHTMLProps<HTMLAttributes<HTMLSpanElement>, HTMLSpanElement>, \"className\" | ... 9 more ... | \"variantMapping\">'.\n      Property 'fontWeight' does not exist on type 'IntrinsicAttributes & TypographyOwnProps & CommonProps & Omit<DetailedHTMLProps<HTMLAttributes<HTMLSpanElement>, HTMLSpanElement>, \"className\" | ... 9 more ... | \"variantMapping\">'.",
	"source": "ts",
	"startLineNumber": 319,
	"startColumn": 18,
	"endLineNumber": 319,
	"endColumn": 28,
	"relatedInformation": [
		{
			"startLineNumber": 15,
			"startColumn": 5,
			"endLineNumber": 15,
			"endColumn": 14,
			"message": "'component' is declared here.",
			"resource": "/g:/Droid/WordApp/node_modules/@mui/material/OverridableComponent/index.d.mts"
		}
	],
	"modelVersionId": 18,
	"origin": "extHost1"
},{
	"resource": "/g:/Droid/WordApp/src/renderer/components/AgentWorkspacePanel.tsx",
	"owner": "typescript",
	"code": "2769",
	"severity": 8,
	"message": "No overload matches this call.\n  Overload 1 of 2, '(props: { component: ElementType<any, keyof IntrinsicElements>; } & TypographyOwnProps & CommonProps & Omit<any, \"className\" | ... 9 more ... | \"variantMapping\">): Element | null', gave the following error.\n    Property 'component' is missing in type '{ children: string; variant: \"caption\"; fontWeight: number; }' but required in type '{ component: ElementType<any, keyof IntrinsicElements>; }'.\n  Overload 2 of 2, '(props: DefaultComponentProps<TypographyTypeMap<{}, \"span\">>): Element | null', gave the following error.\n    Type '{ children: string; variant: \"caption\"; fontWeight: number; }' is not assignable to type 'IntrinsicAttributes & TypographyOwnProps & CommonProps & Omit<DetailedHTMLProps<HTMLAttributes<HTMLSpanElement>, HTMLSpanElement>, \"className\" | ... 9 more ... | \"variantMapping\">'.\n      Property 'fontWeight' does not exist on type 'IntrinsicAttributes & TypographyOwnProps & CommonProps & Omit<DetailedHTMLProps<HTMLAttributes<HTMLSpanElement>, HTMLSpanElement>, \"className\" | ... 9 more ... | \"variantMapping\">'.",
	"source": "ts",
	"startLineNumber": 336,
	"startColumn": 18,
	"endLineNumber": 336,
	"endColumn": 28,
	"relatedInformation": [
		{
			"startLineNumber": 15,
			"startColumn": 5,
			"endLineNumber": 15,
			"endColumn": 14,
			"message": "'component' is declared here.",
			"resource": "/g:/Droid/WordApp/node_modules/@mui/material/OverridableComponent/index.d.mts"
		}
	],
	"modelVersionId": 18,
	"origin": "extHost1"
},{
	"resource": "/g:/Droid/WordApp/src/renderer/components/AgentWorkspacePanel.tsx",
	"owner": "typescript",
	"code": "2339",
	"severity": 8,
	"message": "Property 'agent' does not exist on type '{ ai: { generateOutline: (topic: string, depth?: number | undefined) => Promise<any>; generateTitles: (topic: string, count?: number | undefined) => Promise<any>; ... 5 more ...; translate: (text: string, targetLanguage: string) => Promise<...>; }; }'.",
	"source": "ts",
	"startLineNumber": 374,
	"startColumn": 67,
	"endLineNumber": 374,
	"endColumn": 72,
	"modelVersionId": 18,
	"origin": "extHost1"
}]